
> nosso-casamento-lar@0.1.0 build
> tsc && vite build

src/pages/ConvidadosPage.tsx(21,71): error TS1137: Expression or comma expected.
src/pages/ConvidadosPage.tsx(23,25): error TS1005: ';' expected.
src/pages/ConvidadosPage.tsx(23,35): error TS1128: Declaration or statement expected.
src/pages/ConvidadosPage.tsx(25,25): error TS1005: ';' expected.
src/pages/ConvidadosPage.tsx(25,35): error TS1128: Declaration or statement expected.
src/pages/ConvidadosPage.tsx(27,27): error TS1005: ';' expected.
src/pages/ConvidadosPage.tsx(27,39): error TS1128: Declaration or statement expected.
src/pages/ConvidadosPage.tsx(29,25): error TS1005: ';' expected.
src/pages/ConvidadosPage.tsx(29,35): error TS1128: Declaration or statement expected.
src/pages/ConvidadosPage.tsx(31,27): error TS1005: ';' expected.
src/pages/ConvidadosPage.tsx(31,39): error TS1128: Declaration or statement expected.
src/pages/ConvidadosPage.tsx(33,26): error TS1005: ';' expected.
src/pages/ConvidadosPage.tsx(33,37): error TS1128: Declaration or statement expected.
src/pages/ConvidadosPage.tsx(35,28): error TS1005: ';' expected.
src/pages/ConvidadosPage.tsx(35,41): error TS1128: Declaration or statement expected.
src/pages/ConvidadosPage.tsx(37,26): error TS1005: ';' expected.
src/pages/ConvidadosPage.tsx(37,37): error TS1128: Declaration or statement expected.
src/pages/ConvidadosPage.tsx(39,1): error TS1128: Declaration or statement expected.
src/pages/ConvidadosPage.tsx(41,71): error TS1137: Expression or comma expected.
src/pages/ConvidadosPage.tsx(49,76): error TS1137: Expression or comma expected.
src/pages/ConvidadosPage.tsx(51,1): error TS1128: Declaration or statement expected.
src/pages/ConvidadosPage.tsx(53,27): error TS1005: ';' expected.
src/pages/ConvidadosPage.tsx(53,39): error TS1128: Declaration or statement expected.
src/pages/ConvidadosPage.tsx(57,62): error TS1005: ';' expected.
src/pages/ConvidadosPage.tsx(57,72): error TS1128: Declaration or statement expected.
src/pages/ConvidadosPage.tsx(61,83): error TS1005: ';' expected.
src/pages/ConvidadosPage.tsx(61,95): error TS1128: Declaration or statement expected.
src/pages/ConvidadosPage.tsx(65,106): error TS1005: ';' expected.
src/pages/ConvidadosPage.tsx(65,117): error TS1128: Declaration or statement expected.
src/pages/ConvidadosPage.tsx(69,80): error TS1136: Property assignment expected.
src/pages/ConvidadosPage.tsx(71,9): error TS1005: ',' expected.
src/pages/ConvidadosPage.tsx(73,13): error TS1005: ',' expected.
src/pages/ConvidadosPage.tsx(75,16): error TS1005: ',' expected.
src/pages/ConvidadosPage.tsx(77,14): error TS1005: ',' expected.
src/pages/ConvidadosPage.tsx(77,22): error TS1135: Argument expression expected.
src/pages/ConvidadosPage.tsx(77,23): error TS1005: ')' expected.
src/pages/ConvidadosPage.tsx(81,9): error TS1005: ';' expected.
src/pages/ConvidadosPage.tsx(81,19): error TS1109: Expression expected.
src/pages/ConvidadosPage.tsx(81,89): error TS1137: Expression or comma expected.
src/pages/ConvidadosPage.tsx(83,4): error TS1005: ',' expected.
src/pages/ConvidadosPage.tsx(87,3): error TS1137: Expression or comma expected.
src/pages/ConvidadosPage.tsx(89,16): error TS1136: Property assignment expected.
src/pages/ConvidadosPage.tsx(91,13): error TS1005: ',' expected.
src/pages/ConvidadosPage.tsx(93,16): error TS1005: ',' expected.
src/pages/ConvidadosPage.tsx(95,12): error TS1005: ',' expected.
src/pages/ConvidadosPage.tsx(97,17): error TS1005: ',' expected.
src/pages/ConvidadosPage.tsx(97,104): error TS1135: Argument expression expected.
src/pages/ConvidadosPage.tsx(101,9): error TS1005: ';' expected.
src/pages/ConvidadosPage.tsx(101,19): error TS1109: Expression expected.
src/pages/ConvidadosPage.tsx(103,3): error TS1128: Declaration or statement expected.
src/pages/ConvidadosPage.tsx(103,4): error TS1128: Declaration or statement expected.
src/pages/ConvidadosPage.tsx(105,27): error TS1005: ';' expected.
src/pages/ConvidadosPage.tsx(105,39): error TS1128: Declaration or statement expected.
src/pages/ConvidadosPage.tsx(109,91): error TS1005: ',' expected.
src/pages/ConvidadosPage.tsx(111,3): error TS1128: Declaration or statement expected.
src/pages/ConvidadosPage.tsx(113,62): error TS1005: ';' expected.
src/pages/ConvidadosPage.tsx(113,72): error TS1128: Declaration or statement expected.
src/pages/ConvidadosPage.tsx(121,66): error TS1005: ':' expected.
src/pages/ConvidadosPage.tsx(121,113): error TS1005: ',' expected.
src/pages/ConvidadosPage.tsx(121,116): error TS1136: Property assignment expected.
src/pages/ConvidadosPage.tsx(121,125): error TS1003: Identifier expected.
src/pages/ConvidadosPage.tsx(121,133): error TS1005: ':' expected.
src/pages/ConvidadosPage.tsx(121,142): error TS1003: Identifier expected.
src/pages/ConvidadosPage.tsx(121,151): error TS1005: ':' expected.
src/pages/ConvidadosPage.tsx(125,49): error TS1389: 'const' is not allowed as a variable declaration name.
src/pages/ConvidadosPage.tsx(129,5): error TS1109: Expression expected.
src/pages/ConvidadosPage.tsx(129,112): error TS1005: ';' expected.
src/pages/ConvidadosPage.tsx(129,123): error TS1128: Declaration or statement expected.
src/pages/ConvidadosPage.tsx(133,3): error TS1128: Declaration or statement expected.
src/pages/ConvidadosPage.tsx(137,114): error TS1136: Property assignment expected.
src/pages/ConvidadosPage.tsx(139,24): error TS1005: ')' expected.
src/pages/ConvidadosPage.tsx(145,37): error TS1136: Property assignment expected.
src/pages/ConvidadosPage.tsx(147,17): error TS1005: ',' expected.
src/pages/ConvidadosPage.tsx(149,20): error TS1005: ',' expected.
src/pages/ConvidadosPage.tsx(149,46): error TS1005: ',' expected.
src/pages/ConvidadosPage.tsx(151,18): error TS1005: ',' expected.
src/pages/ConvidadosPage.tsx(153,23): error TS1005: ',' expected.
src/pages/ConvidadosPage.tsx(153,48): error TS1005: ',' expected.
src/pages/ConvidadosPage.tsx(153,56): error TS1135: Argument expression expected.
src/pages/ConvidadosPage.tsx(153,57): error TS1005: ')' expected.
src/pages/ConvidadosPage.tsx(157,7): error TS1109: Expression expected.
src/pages/ConvidadosPage.tsx(157,8): error TS1128: Declaration or statement expected.
src/pages/ConvidadosPage.tsx(159,5): error TS1109: Expression expected.
src/pages/ConvidadosPage.tsx(159,7): error TS1005: ',' expected.
src/pages/ConvidadosPage.tsx(161,22): error TS1005: ',' expected.
src/pages/ConvidadosPage.tsx(161,48): error TS1005: ':' expected.
src/pages/ConvidadosPage.tsx(161,64): error TS1005: ',' expected.
src/pages/ConvidadosPage.tsx(161,66): error TS1136: Property assignment expected.
src/pages/ConvidadosPage.tsx(161,112): error TS1137: Expression or comma expected.
src/pages/ConvidadosPage.tsx(165,17): error TS1005: ';' expected.
src/pages/ConvidadosPage.tsx(165,24): error TS1109: Expression expected.
src/pages/ConvidadosPage.tsx(165,25): error TS1128: Declaration or statement expected.
src/pages/ConvidadosPage.tsx(169,16): error TS1005: ';' expected.
src/pages/ConvidadosPage.tsx(169,24): error TS1109: Expression expected.
src/pages/ConvidadosPage.tsx(171,21): error TS1005: ',' expected.
src/pages/ConvidadosPage.tsx(173,25): error TS1005: ',' expected.
src/pages/ConvidadosPage.tsx(173,39): error TS1137: Expression or comma expected.
src/pages/ConvidadosPage.tsx(179,5): error TS1109: Expression expected.
src/pages/ConvidadosPage.tsx(183,3): error TS1109: Expression expected.
src/pages/ConvidadosPage.tsx(187,3): error TS1109: Expression expected.
src/pages/ConvidadosPage.tsx(193,117): error TS1109: Expression expected.
src/pages/ConvidadosPage.tsx(199,5): error TS1109: Expression expected.
src/pages/ConvidadosPage.tsx(201,77): error TS1109: Expression expected.
src/pages/ConvidadosPage.tsx(205,70): error TS1128: Declaration or statement expected.
src/pages/ConvidadosPage.tsx(209,27): error TS1005: ';' expected.
src/pages/ConvidadosPage.tsx(209,39): error TS1128: Declaration or statement expected.
src/pages/ConvidadosPage.tsx(215,3): error TS1135: Argument expression expected.
src/pages/ConvidadosPage.tsx(217,91): error TS1005: ';' expected.
src/pages/ConvidadosPage.tsx(221,58): error TS1128: Declaration or statement expected.
src/pages/ConvidadosPage.tsx(225,75): error TS1005: ';' expected.
src/pages/ConvidadosPage.tsx(225,85): error TS1128: Declaration or statement expected.
src/pages/ConvidadosPage.tsx(241,49): error TS1005: ':' expected.
src/pages/ConvidadosPage.tsx(241,96): error TS1005: ',' expected.
src/pages/ConvidadosPage.tsx(241,99): error TS1136: Property assignment expected.
src/pages/ConvidadosPage.tsx(241,108): error TS1003: Identifier expected.
src/pages/ConvidadosPage.tsx(241,116): error TS1005: ':' expected.
src/pages/ConvidadosPage.tsx(241,125): error TS1003: Identifier expected.
src/pages/ConvidadosPage.tsx(241,134): error TS1005: ':' expected.
src/pages/ConvidadosPage.tsx(243,12): error TS1005: ',' expected.
src/pages/ConvidadosPage.tsx(243,30): error TS1005: ',' expected.
src/pages/ConvidadosPage.tsx(249,54): error TS1109: Expression expected.
src/pages/ConvidadosPage.tsx(257,116): error TS1005: ';' expected.
src/pages/ConvidadosPage.tsx(257,127): error TS1128: Declaration or statement expected.
src/pages/ConvidadosPage.tsx(273,170): error TS1136: Property assignment expected.
src/pages/ConvidadosPage.tsx(275,30): error TS1005: ')' expected.
src/pages/ConvidadosPage.tsx(285,3): error TS1109: Expression expected.
src/pages/ConvidadosPage.tsx(287,16): error TS1005: ',' expected.
src/pages/ConvidadosPage.tsx(287,62): error TS1005: ';' expected.
src/pages/ConvidadosPage.tsx(289,63): error TS1005: ';' expected.
src/pages/ConvidadosPage.tsx(291,5): error TS1109: Expression expected.
src/pages/ConvidadosPage.tsx(297,3): error TS1109: Expression expected.
src/pages/ConvidadosPage.tsx(297,95): error TS1005: ';' expected.
src/pages/ConvidadosPage.tsx(299,5): error TS1109: Expression expected.
src/pages/ConvidadosPage.tsx(303,5): error TS1109: Expression expected.
src/pages/ConvidadosPage.tsx(305,52): error TS1005: ';' expected.
src/pages/ConvidadosPage.tsx(305,60): error TS1109: Expression expected.
src/pages/ConvidadosPage.tsx(309,97): error TS1005: ',' expected.
src/pages/ConvidadosPage.tsx(309,99): error TS1134: Variable declaration expected.
src/pages/ConvidadosPage.tsx(313,46): error TS1128: Declaration or statement expected.
src/pages/ConvidadosPage.tsx(315,7): error TS1109: Expression expected.
src/pages/ConvidadosPage.tsx(317,7): error TS1005: ',' expected.
src/pages/ConvidadosPage.tsx(319,9): error TS1005: ':' expected.
src/pages/ConvidadosPage.tsx(321,32): error TS1005: ',' expected.
src/pages/ConvidadosPage.tsx(321,47): error TS1005: ',' expected.
src/pages/ConvidadosPage.tsx(321,73): error TS1005: ':' expected.
src/pages/ConvidadosPage.tsx(321,89): error TS1005: ',' expected.
src/pages/ConvidadosPage.tsx(321,91): error TS1136: Property assignment expected.
src/pages/ConvidadosPage.tsx(323,7): error TS1109: Expression expected.
src/pages/ConvidadosPage.tsx(325,56): error TS1005: ',' expected.
src/pages/ConvidadosPage.tsx(325,69): error TS1005: ',' expected.
src/pages/ConvidadosPage.tsx(329,3): error TS1137: Expression or comma expected.
src/pages/ConvidadosPage.tsx(329,34): error TS1138: Parameter declaration expected.
src/pages/ConvidadosPage.tsx(329,36): error TS1005: '=>' expected.
src/pages/ConvidadosPage.tsx(337,128): error TS1005: '}' expected.
src/pages/ConvidadosPage.tsx(337,166): error TS1381: Unexpected token. Did you mean `{'}'}` or `&rbrace;`?
src/pages/ConvidadosPage.tsx(345,104): error TS17008: JSX element 'Omit' has no corresponding closing tag.
src/pages/ConvidadosPage.tsx(349,32): error TS1003: Identifier expected.
src/pages/ConvidadosPage.tsx(353,85): error TS1381: Unexpected token. Did you mean `{'}'}` or `&rbrace;`?
src/pages/ConvidadosPage.tsx(353,110): error TS1005: '}' expected.
src/pages/ConvidadosPage.tsx(353,141): error TS1381: Unexpected token. Did you mean `{'}'}` or `&rbrace;`?
src/pages/ConvidadosPage.tsx(353,152): error TS1005: '}' expected.
src/pages/ConvidadosPage.tsx(353,176): error TS1381: Unexpected token. Did you mean `{'}'}` or `&rbrace;`?
src/pages/ConvidadosPage.tsx(355,14): error TS1382: Unexpected token. Did you mean `{'>'}` or `&gt;`?
src/pages/ConvidadosPage.tsx(365,80): error TS1381: Unexpected token. Did you mean `{'}'}` or `&rbrace;`?
src/pages/ConvidadosPage.tsx(369,118): error TS1005: '}' expected.
src/pages/ConvidadosPage.tsx(369,148): error TS1381: Unexpected token. Did you mean `{'}'}` or `&rbrace;`?
src/pages/ConvidadosPage.tsx(373,53): error TS1382: Unexpected token. Did you mean `{'>'}` or `&gt;`?
src/pages/ConvidadosPage.tsx(377,25): error TS1003: Identifier expected.
src/pages/ConvidadosPage.tsx(377,86): error TS1005: '}' expected.
src/pages/ConvidadosPage.tsx(383,14): error TS1382: Unexpected token. Did you mean `{'>'}` or `&gt;`?
src/pages/ConvidadosPage.tsx(385,23): error TS1005: '}' expected.
src/pages/ConvidadosPage.tsx(385,67): error TS1005: '}' expected.
src/pages/ConvidadosPage.tsx(385,96): error TS1381: Unexpected token. Did you mean `{'}'}` or `&rbrace;`?
src/pages/ConvidadosPage.tsx(385,107): error TS1005: '}' expected.
src/pages/ConvidadosPage.tsx(385,131): error TS1381: Unexpected token. Did you mean `{'}'}` or `&rbrace;`?
src/pages/ConvidadosPage.tsx(385,164): error TS1005: '}' expected.
src/pages/ConvidadosPage.tsx(385,196): error TS1381: Unexpected token. Did you mean `{'}'}` or `&rbrace;`?
src/pages/ConvidadosPage.tsx(385,234): error TS1005: '}' expected.
src/pages/ConvidadosPage.tsx(385,266): error TS1381: Unexpected token. Did you mean `{'}'}` or `&rbrace;`?
src/pages/ConvidadosPage.tsx(389,17): error TS1381: Unexpected token. Did you mean `{'}'}` or `&rbrace;`?
src/pages/ConvidadosPage.tsx(397,54): error TS1003: Identifier expected.
src/pages/ConvidadosPage.tsx(399,22): error TS1136: Property assignment expected.
src/pages/ConvidadosPage.tsx(401,39): error TS1005: '}' expected.
src/pages/ConvidadosPage.tsx(405,75): error TS1381: Unexpected token. Did you mean `{'}'}` or `&rbrace;`?
src/pages/ConvidadosPage.tsx(407,13): error TS1381: Unexpected token. Did you mean `{'}'}` or `&rbrace;`?
src/pages/ConvidadosPage.tsx(409,9): error TS1382: Unexpected token. Did you mean `{'>'}` or `&gt;`?
src/pages/ConvidadosPage.tsx(409,78): error TS1381: Unexpected token. Did you mean `{'}'}` or `&rbrace;`?
src/pages/ConvidadosPage.tsx(413,11): error TS17002: Expected corresponding JSX closing tag for 'div'.
src/pages/ConvidadosPage.tsx(413,22): error TS1381: Unexpected token. Did you mean `{'}'}` or `&rbrace;`?
src/pages/ConvidadosPage.tsx(417,50): error TS1005: '...' expected.
src/pages/ConvidadosPage.tsx(417,55): error TS1005: '}' expected.
src/pages/ConvidadosPage.tsx(417,83): error TS1381: Unexpected token. Did you mean `{'}'}` or `&rbrace;`?
src/pages/ConvidadosPage.tsx(421,36): error TS1005: '}' expected.
src/pages/ConvidadosPage.tsx(427,11): error TS1381: Unexpected token. Did you mean `{'}'}` or `&rbrace;`?
src/pages/ConvidadosPage.tsx(427,13): error TS1381: Unexpected token. Did you mean `{'}'}` or `&rbrace;`?
src/pages/ConvidadosPage.tsx(429,9): error TS1382: Unexpected token. Did you mean `{'>'}` or `&gt;`?
src/pages/ConvidadosPage.tsx(429,12): error TS1381: Unexpected token. Did you mean `{'}'}` or `&rbrace;`?
src/pages/ConvidadosPage.tsx(433,11): error TS17002: Expected corresponding JSX closing tag for 'div'.
src/pages/ConvidadosPage.tsx(433,22): error TS1005: ';' expected.
src/pages/ConvidadosPage.tsx(433,108): error TS1005: ';' expected.
src/pages/ConvidadosPage.tsx(435,7): error TS1128: Declaration or statement expected.
src/pages/ConvidadosPage.tsx(437,3): error TS1109: Expression expected.
src/pages/ConvidadosPage.tsx(441,93): error TS1109: Expression expected.
src/pages/ConvidadosPage.tsx(449,79): error TS1005: '}' expected.
src/pages/ConvidadosPage.tsx(449,103): error TS1381: Unexpected token. Did you mean `{'}'}` or `&rbrace;`?
src/pages/ConvidadosPage.tsx(449,114): error TS1005: '}' expected.
src/pages/ConvidadosPage.tsx(449,138): error TS1381: Unexpected token. Did you mean `{'}'}` or `&rbrace;`?
src/pages/ConvidadosPage.tsx(449,149): error TS1005: '}' expected.
src/pages/ConvidadosPage.tsx(449,173): error TS1381: Unexpected token. Did you mean `{'}'}` or `&rbrace;`?
src/pages/ConvidadosPage.tsx(453,53): error TS1381: Unexpected token. Did you mean `{'}'}` or `&rbrace;`?
src/pages/ConvidadosPage.tsx(457,52): error TS1137: Expression or comma expected.
src/pages/ConvidadosPage.tsx(459,22): error TS1005: '}' expected.
src/pages/ConvidadosPage.tsx(459,54): error TS1381: Unexpected token. Did you mean `{'}'}` or `&rbrace;`?
src/pages/ConvidadosPage.tsx(461,22): error TS1005: '}' expected.
src/pages/ConvidadosPage.tsx(461,52): error TS1381: Unexpected token. Did you mean `{'}'}` or `&rbrace;`?
src/pages/ConvidadosPage.tsx(465,13): error TS1109: Expression expected.
src/pages/ConvidadosPage.tsx(465,24): error TS1382: Unexpected token. Did you mean `{'>'}` or `&gt;`?
src/pages/ConvidadosPage.tsx(465,105): error TS1003: Identifier expected.
src/pages/ConvidadosPage.tsx(465,131): error TS1382: Unexpected token. Did you mean `{'>'}` or `&gt;`?
src/pages/ConvidadosPage.tsx(469,44): error TS1003: Identifier expected.
src/pages/ConvidadosPage.tsx(473,61): error TS1109: Expression expected.
src/pages/ConvidadosPage.tsx(481,45): error TS1109: Expression expected.
src/pages/ConvidadosPage.tsx(481,69): error TS1109: Expression expected.
src/pages/ConvidadosPage.tsx(481,132): error TS1005: '}' expected.
src/pages/ConvidadosPage.tsx(481,160): error TS1381: Unexpected token. Did you mean `{'}'}` or `&rbrace;`?
src/pages/ConvidadosPage.tsx(483,15): error TS1382: Unexpected token. Did you mean `{'>'}` or `&gt;`?
src/pages/ConvidadosPage.tsx(487,17): error TS17002: Expected corresponding JSX closing tag for 'div'.
src/pages/ConvidadosPage.tsx(489,15): error TS1381: Unexpected token. Did you mean `{'}'}` or `&rbrace;`?
src/pages/ConvidadosPage.tsx(489,20): error TS1381: Unexpected token. Did you mean `{'}'}` or `&rbrace;`?
src/pages/ConvidadosPage.tsx(489,34): error TS1109: Expression expected.
src/pages/ConvidadosPage.tsx(493,7): error TS1005: ')' expected.
src/pages/ConvidadosPage.tsx(497,52): error TS1381: Unexpected token. Did you mean `{'}'}` or `&rbrace;`?
src/pages/ConvidadosPage.tsx(497,152): error TS1003: Identifier expected.
src/pages/ConvidadosPage.tsx(497,158): error TS1382: Unexpected token. Did you mean `{'>'}` or `&gt;`?
src/pages/ConvidadosPage.tsx(513,55): error TS1381: Unexpected token. Did you mean `{'}'}` or `&rbrace;`?
src/pages/ConvidadosPage.tsx(513,164): error TS1003: Identifier expected.
src/pages/ConvidadosPage.tsx(513,173): error TS1382: Unexpected token. Did you mean `{'>'}` or `&gt;`?
src/pages/ConvidadosPage.tsx(513,193): error TS1005: '}' expected.
src/pages/ConvidadosPage.tsx(513,219): error TS1381: Unexpected token. Did you mean `{'}'}` or `&rbrace;`?
src/pages/ConvidadosPage.tsx(513,230): error TS1005: '}' expected.
src/pages/ConvidadosPage.tsx(513,254): error TS1381: Unexpected token. Did you mean `{'}'}` or `&rbrace;`?
src/pages/ConvidadosPage.tsx(513,265): error TS1005: '}' expected.
src/pages/ConvidadosPage.tsx(513,289): error TS1381: Unexpected token. Did you mean `{'}'}` or `&rbrace;`?
src/pages/ConvidadosPage.tsx(521,129): error TS1382: Unexpected token. Did you mean `{'>'}` or `&gt;`?
src/pages/ConvidadosPage.tsx(521,138): error TS1109: Expression expected.
src/pages/ConvidadosPage.tsx(525,33): error TS1005: ')' expected.
src/pages/ConvidadosPage.tsx(527,24): error TS1381: Unexpected token. Did you mean `{'}'}` or `&rbrace;`?
src/pages/ConvidadosPage.tsx(537,51): error TS1381: Unexpected token. Did you mean `{'}'}` or `&rbrace;`?
src/pages/ConvidadosPage.tsx(537,57): error TS1381: Unexpected token. Did you mean `{'}'}` or `&rbrace;`?
src/pages/ConvidadosPage.tsx(545,77): error TS1382: Unexpected token. Did you mean `{'>'}` or `&gt;`?
src/pages/ConvidadosPage.tsx(545,137): error TS17008: JSX element 'Omit' has no corresponding closing tag.
src/pages/ConvidadosPage.tsx(549,23): error TS1005: '}' expected.
src/pages/ConvidadosPage.tsx(553,94): error TS1003: Identifier expected.
src/pages/ConvidadosPage.tsx(557,23): error TS1382: Unexpected token. Did you mean `{'>'}` or `&gt;`?
src/pages/ConvidadosPage.tsx(561,25): error TS17002: Expected corresponding JSX closing tag for 'div'.
src/pages/ConvidadosPage.tsx(561,34): error TS1381: Unexpected token. Did you mean `{'}'}` or `&rbrace;`?
src/pages/ConvidadosPage.tsx(561,67): error TS1382: Unexpected token. Did you mean `{'>'}` or `&gt;`?
src/pages/ConvidadosPage.tsx(561,78): error TS1005: '}' expected.
src/pages/ConvidadosPage.tsx(565,21): error TS17002: Expected corresponding JSX closing tag for 'Card'.
src/pages/ConvidadosPage.tsx(567,17): error TS1005: ')' expected.
src/pages/ConvidadosPage.tsx(567,19): error TS17002: Expected corresponding JSX closing tag for 'div'.
src/pages/ConvidadosPage.tsx(569,16): error TS1005: ';' expected.
src/pages/ConvidadosPage.tsx(571,13): error TS1128: Declaration or statement expected.
src/pages/ConvidadosPage.tsx(573,11): error TS1109: Expression expected.
src/pages/ConvidadosPage.tsx(573,12): error TS1128: Declaration or statement expected.
src/pages/ConvidadosPage.tsx(575,9): error TS1128: Declaration or statement expected.
src/pages/ConvidadosPage.tsx(577,7): error TS1109: Expression expected.
src/pages/ConvidadosPage.tsx(581,12): error TS1005: ',' expected.
src/pages/ConvidadosPage.tsx(581,36): error TS1109: Expression expected.
src/pages/ConvidadosPage.tsx(585,67): error TS1381: Unexpected token. Did you mean `{'}'}` or `&rbrace;`?
src/pages/ConvidadosPage.tsx(587,13): error TS2657: JSX expressions must have one parent element.
src/pages/ConvidadosPage.tsx(591,11): error TS1005: '}' expected.
src/pages/ConvidadosPage.tsx(593,47): error TS1382: Unexpected token. Did you mean `{'>'}` or `&gt;`?
src/pages/ConvidadosPage.tsx(593,62): error TS1005: '}' expected.
src/pages/ConvidadosPage.tsx(601,13): error TS1005: '}' expected.
src/pages/ConvidadosPage.tsx(601,26): error TS1005: ')' expected.
src/pages/ConvidadosPage.tsx(605,44): error TS1381: Unexpected token. Did you mean `{'}'}` or `&rbrace;`?
src/pages/ConvidadosPage.tsx(609,43): error TS1381: Unexpected token. Did you mean `{'}'}` or `&rbrace;`?
src/pages/ConvidadosPage.tsx(617,94): error TS1382: Unexpected token. Did you mean `{'>'}` or `&gt;`?
src/pages/ConvidadosPage.tsx(621,62): error TS1005: ')' expected.
src/pages/ConvidadosPage.tsx(623,26): error TS1381: Unexpected token. Did you mean `{'}'}` or `&rbrace;`?
src/pages/ConvidadosPage.tsx(625,45): error TS1382: Unexpected token. Did you mean `{'>'}` or `&gt;`?
src/pages/ConvidadosPage.tsx(629,80): error TS1109: Expression expected.
src/pages/ConvidadosPage.tsx(629,129): error TS1005: ')' expected.
src/pages/ConvidadosPage.tsx(633,24): error TS1381: Unexpected token. Did you mean `{'}'}` or `&rbrace;`?
src/pages/ConvidadosPage.tsx(637,125): error TS1382: Unexpected token. Did you mean `{'>'}` or `&gt;`?
src/pages/ConvidadosPage.tsx(641,165): error TS1381: Unexpected token. Did you mean `{'}'}` or `&rbrace;`?
src/pages/ConvidadosPage.tsx(641,195): error TS1005: '}' expected.
src/pages/ConvidadosPage.tsx(641,219): error TS1381: Unexpected token. Did you mean `{'}'}` or `&rbrace;`?
src/pages/ConvidadosPage.tsx(641,230): error TS1005: '}' expected.
src/pages/ConvidadosPage.tsx(641,254): error TS1381: Unexpected token. Did you mean `{'}'}` or `&rbrace;`?
src/pages/ConvidadosPage.tsx(645,47): error TS1382: Unexpected token. Did you mean `{'>'}` or `&gt;`?
src/pages/ConvidadosPage.tsx(649,73): error TS1382: Unexpected token. Did you mean `{'>'}` or `&gt;`?
src/pages/ConvidadosPage.tsx(649,109): error TS1381: Unexpected token. Did you mean `{'}'}` or `&rbrace;`?
src/pages/ConvidadosPage.tsx(651,23): error TS2657: JSX expressions must have one parent element.
src/pages/ConvidadosPage.tsx(665,81): error TS1003: Identifier expected.
src/pages/ConvidadosPage.tsx(669,23): error TS1382: Unexpected token. Did you mean `{'>'}` or `&gt;`?
src/pages/ConvidadosPage.tsx(673,25): error TS17002: Expected corresponding JSX closing tag for 'Card'.
src/pages/ConvidadosPage.tsx(673,157): error TS1005: '}' expected.
src/pages/ConvidadosPage.tsx(673,195): error TS1381: Unexpected token. Did you mean `{'}'}` or `&rbrace;`?
src/pages/ConvidadosPage.tsx(679,19): error TS17002: Expected corresponding JSX closing tag for 'div'.
src/pages/ConvidadosPage.tsx(681,15): error TS1005: '}' expected.
src/pages/ConvidadosPage.tsx(681,17): error TS1381: Unexpected token. Did you mean `{'}'}` or `&rbrace;`?
src/pages/ConvidadosPage.tsx(685,12): error TS1381: Unexpected token. Did you mean `{'}'}` or `&rbrace;`?
src/pages/ConvidadosPage.tsx(689,8): error TS1381: Unexpected token. Did you mean `{'}'}` or `&rbrace;`?
src/pages/ConvidadosPage.tsx(689,21): error TS17002: Expected corresponding JSX closing tag for 'Card'.
src/pages/ConvidadosPage.tsx(689,33): error TS1005: ')' expected.
src/pages/ConvidadosPage.tsx(689,40): error TS1005: ',' expected.
src/pages/ConvidadosPage.tsx(693,12): error TS1005: ',' expected.
src/pages/ConvidadosPage.tsx(697,87): error TS1003: Identifier expected.
src/pages/ConvidadosPage.tsx(697,123): error TS1003: Identifier expected.
src/pages/ConvidadosPage.tsx(705,9): error TS1382: Unexpected token. Did you mean `{'>'}` or `&gt;`?
src/pages/ConvidadosPage.tsx(705,146): error TS1005: '}' expected.
src/pages/ConvidadosPage.tsx(705,177): error TS1381: Unexpected token. Did you mean `{'}'}` or `&rbrace;`?
src/pages/ConvidadosPage.tsx(705,188): error TS1005: '}' expected.
src/pages/ConvidadosPage.tsx(705,216): error TS1381: Unexpected token. Did you mean `{'}'}` or `&rbrace;`?
src/pages/ConvidadosPage.tsx(705,227): error TS1005: '}' expected.
src/pages/ConvidadosPage.tsx(705,255): error TS1381: Unexpected token. Did you mean `{'}'}` or `&rbrace;`?
src/pages/ConvidadosPage.tsx(717,52): error TS17002: Expected corresponding JSX closing tag for 'div'.
src/pages/ConvidadosPage.tsx(719,14): error TS1109: Expression expected.
src/pages/ConvidadosPage.tsx(721,7): error TS1109: Expression expected.
src/pages/ConvidadosPage.tsx(725,41): error TS1003: Identifier expected.
src/pages/ConvidadosPage.tsx(729,176): error TS1381: Unexpected token. Did you mean `{'}'}` or `&rbrace;`?
src/pages/ConvidadosPage.tsx(733,14): error TS1382: Unexpected token. Did you mean `{'>'}` or `&gt;`?
src/pages/ConvidadosPage.tsx(737,38): error TS1005: '>' expected.
src/pages/ConvidadosPage.tsx(737,97): error TS17002: Expected corresponding JSX closing tag for 'Select'.
src/pages/ConvidadosPage.tsx(737,162): error TS1005: '}' expected.
src/pages/ConvidadosPage.tsx(737,192): error TS1381: Unexpected token. Did you mean `{'}'}` or `&rbrace;`?
src/pages/ConvidadosPage.tsx(745,55): error TS1381: Unexpected token. Did you mean `{'}'}` or `&rbrace;`?
src/pages/ConvidadosPage.tsx(747,14): error TS1382: Unexpected token. Did you mean `{'>'}` or `&gt;`?
src/pages/ConvidadosPage.tsx(753,42): error TS1005: '>' expected.
src/pages/ConvidadosPage.tsx(753,56): error TS1003: Identifier expected.
src/pages/ConvidadosPage.tsx(761,214): error TS1382: Unexpected token. Did you mean `{'>'}` or `&gt;`?
src/pages/ConvidadosPage.tsx(765,16): error TS1109: Expression expected.
src/pages/ConvidadosPage.tsx(765,29): error TS1161: Unterminated regular expression literal.
src/pages/ConvidadosPage.tsx(767,22): error TS1005: '}' expected.
src/pages/ConvidadosPage.tsx(767,75): error TS1382: Unexpected token. Did you mean `{'>'}` or `&gt;`?
src/pages/ConvidadosPage.tsx(769,119): error TS1005: '}' expected.
src/pages/ConvidadosPage.tsx(769,140): error TS1005: '}' expected.
src/pages/ConvidadosPage.tsx(769,169): error TS1381: Unexpected token. Did you mean `{'}'}` or `&rbrace;`?
src/pages/ConvidadosPage.tsx(769,180): error TS1005: '}' expected.
src/pages/ConvidadosPage.tsx(769,212): error TS1381: Unexpected token. Did you mean `{'}'}` or `&rbrace;`?
src/pages/ConvidadosPage.tsx(769,223): error TS1005: '}' expected.
src/pages/ConvidadosPage.tsx(769,255): error TS1381: Unexpected token. Did you mean `{'}'}` or `&rbrace;`?
src/pages/ConvidadosPage.tsx(771,17): error TS17002: Expected corresponding JSX closing tag for 'div'.
src/pages/ConvidadosPage.tsx(773,15): error TS17002: Expected corresponding JSX closing tag for 'Card'.
src/pages/ConvidadosPage.tsx(773,29): error TS17002: Expected corresponding JSX closing tag for 'Omit'.
src/pages/ConvidadosPage.tsx(777,48): error TS1109: Expression expected.
src/pages/ConvidadosPage.tsx(785,127): error TS1003: Identifier expected.
src/pages/ConvidadosPage.tsx(789,16): error TS1382: Unexpected token. Did you mean `{'>'}` or `&gt;`?
src/pages/ConvidadosPage.tsx(791,13): error TS1003: Identifier expected.
src/pages/ConvidadosPage.tsx(791,14): error TS1381: Unexpected token. Did you mean `{'}'}` or `&rbrace;`?
src/pages/ConvidadosPage.tsx(793,51): error TS1381: Unexpected token. Did you mean `{'}'}` or `&rbrace;`?
src/pages/ConvidadosPage.tsx(799,35): error TS1005: ',' expected.
src/pages/ConvidadosPage.tsx(801,15): error TS1005: '}' expected.
src/pages/ConvidadosPage.tsx(801,124): error TS1003: Identifier expected.
src/pages/ConvidadosPage.tsx(805,77): error TS1137: Expression or comma expected.
src/pages/ConvidadosPage.tsx(807,17): error TS1005: ':' expected.
src/pages/ConvidadosPage.tsx(807,24): error TS1005: '}' expected.
src/pages/ConvidadosPage.tsx(807,61): error TS1381: Unexpected token. Did you mean `{'}'}` or `&rbrace;`?
src/pages/ConvidadosPage.tsx(809,16): error TS1381: Unexpected token. Did you mean `{'}'}` or `&rbrace;`?
src/pages/ConvidadosPage.tsx(811,13): error TS1161: Unterminated regular expression literal.
src/pages/ConvidadosPage.tsx(813,11): error TS1005: '}' expected.
src/pages/ConvidadosPage.tsx(813,27): error TS1381: Unexpected token. Did you mean `{'}'}` or `&rbrace;`?
src/pages/ConvidadosPage.tsx(813,29): error TS1381: Unexpected token. Did you mean `{'}'}` or `&rbrace;`?
src/pages/ConvidadosPage.tsx(815,11): error TS17002: Expected corresponding JSX closing tag for 'div'.
src/pages/ConvidadosPage.tsx(817,7): error TS1128: Declaration or statement expected.
src/pages/ConvidadosPage.tsx(817,8): error TS1128: Declaration or statement expected.
src/pages/ConvidadosPage.tsx(817,17): error TS1109: Expression expected.
src/pages/ConvidadosPage.tsx(817,78): error TS1128: Declaration or statement expected.
src/pages/ConvidadosPage.tsx(817,79): error TS1128: Declaration or statement expected.
src/pages/ConvidadosPage.tsx(825,11): error TS1005: ')' expected.
src/pages/ConvidadosPage.tsx(825,32): error TS1005: ',' expected.
src/pages/ConvidadosPage.tsx(825,81): error TS1005: ';' expected.
src/pages/ConvidadosPage.tsx(825,94): error TS1109: Expression expected.
src/pages/ConvidadosPage.tsx(825,96): error TS1128: Declaration or statement expected.
src/pages/ConvidadosPage.tsx(829,21): error TS1136: Property assignment expected.
src/pages/ConvidadosPage.tsx(829,24): error TS1005: ';' expected.
src/pages/ConvidadosPage.tsx(833,130): error TS1005: '}' expected.
src/pages/ConvidadosPage.tsx(833,168): error TS1381: Unexpected token. Did you mean `{'}'}` or `&rbrace;`?
src/pages/ConvidadosPage.tsx(833,179): error TS1005: '}' expected.
src/pages/ConvidadosPage.tsx(833,217): error TS1381: Unexpected token. Did you mean `{'}'}` or `&rbrace;`?
src/pages/ConvidadosPage.tsx(835,12): error TS17008: JSX element 'div' has no corresponding closing tag.
src/pages/ConvidadosPage.tsx(841,15): error TS1005: '}' expected.
src/pages/ConvidadosPage.tsx(841,56): error TS1003: Identifier expected.
src/pages/ConvidadosPage.tsx(841,75): error TS1381: Unexpected token. Did you mean `{'}'}` or `&rbrace;`?
src/pages/ConvidadosPage.tsx(847,14): error TS1382: Unexpected token. Did you mean `{'>'}` or `&gt;`?
src/pages/ConvidadosPage.tsx(853,43): error TS1003: Identifier expected.
src/pages/ConvidadosPage.tsx(853,45): error TS1381: Unexpected token. Did you mean `{'}'}` or `&rbrace;`?
src/pages/ConvidadosPage.tsx(857,101): error TS1382: Unexpected token. Did you mean `{'>'}` or `&gt;`?
src/pages/ConvidadosPage.tsx(861,14): error TS1382: Unexpected token. Did you mean `{'>'}` or `&gt;`?
src/pages/ConvidadosPage.tsx(865,28): error TS1003: Identifier expected.
src/pages/ConvidadosPage.tsx(865,41): error TS1005: ';' expected.
src/pages/ConvidadosPage.tsx(865,65): error TS1128: Declaration or statement expected.
src/pages/ConvidadosPage.tsx(865,173): error TS1005: ';' expected.
src/pages/ConvidadosPage.tsx(869,34): error TS1005: ',' expected.
src/pages/ConvidadosPage.tsx(869,53): error TS1005: ';' expected.
src/pages/ConvidadosPage.tsx(871,23): error TS1005: ';' expected.
src/pages/ConvidadosPage.tsx(875,13): error TS1161: Unterminated regular expression literal.
src/pages/ConvidadosPage.tsx(881,16): error TS17008: JSX element 'input' has no corresponding closing tag.
src/pages/ConvidadosPage.tsx(881,34): error TS1005: '>' expected.
src/pages/ConvidadosPage.tsx(881,95): error TS1382: Unexpected token. Did you mean `{'>'}` or `&gt;`?
src/pages/ConvidadosPage.tsx(889,161): error TS1382: Unexpected token. Did you mean `{'>'}` or `&gt;`?
src/pages/ConvidadosPage.tsx(893,16): error TS1109: Expression expected.
src/pages/ConvidadosPage.tsx(893,29): error TS2657: JSX expressions must have one parent element.
src/pages/ConvidadosPage.tsx(897,40): error TS17002: Expected corresponding JSX closing tag for 'label'.
src/pages/ConvidadosPage.tsx(897,51): error TS1005: '}' expected.
src/pages/ConvidadosPage.tsx(897,104): error TS1109: Expression expected.
src/pages/ConvidadosPage.tsx(897,148): error TS1005: '}' expected.
src/pages/ConvidadosPage.tsx(897,174): error TS1381: Unexpected token. Did you mean `{'}'}` or `&rbrace;`?
src/pages/ConvidadosPage.tsx(897,185): error TS1005: '}' expected.
src/pages/ConvidadosPage.tsx(897,211): error TS1381: Unexpected token. Did you mean `{'}'}` or `&rbrace;`?
src/pages/ConvidadosPage.tsx(899,17): error TS17002: Expected corresponding JSX closing tag for 'Button'.
src/pages/ConvidadosPage.tsx(905,13): error TS1005: ')' expected.
src/pages/ConvidadosPage.tsx(909,36): error TS1005: '...' expected.
src/pages/ConvidadosPage.tsx(913,19): error TS1005: ',' expected.
src/pages/ConvidadosPage.tsx(913,38): error TS1005: ',' expected.
src/pages/ConvidadosPage.tsx(913,72): error TS1005: ',' expected.
src/pages/ConvidadosPage.tsx(913,113): error TS1137: Expression or comma expected.
src/pages/ConvidadosPage.tsx(913,119): error TS1003: Identifier expected.
src/pages/ConvidadosPage.tsx(917,67): error TS1005: '}' expected.
src/pages/ConvidadosPage.tsx(917,99): error TS1381: Unexpected token. Did you mean `{'}'}` or `&rbrace;`?
src/pages/ConvidadosPage.tsx(919,18): error TS1382: Unexpected token. Did you mean `{'>'}` or `&gt;`?
src/pages/ConvidadosPage.tsx(921,22): error TS1005: '}' expected.
src/pages/ConvidadosPage.tsx(921,52): error TS1381: Unexpected token. Did you mean `{'}'}` or `&rbrace;`?
src/pages/ConvidadosPage.tsx(921,58): error TS1381: Unexpected token. Did you mean `{'}'}` or `&rbrace;`?
src/pages/ConvidadosPage.tsx(925,65): error TS1005: '...' expected.
src/pages/ConvidadosPage.tsx(925,70): error TS1005: '}' expected.
src/pages/ConvidadosPage.tsx(925,100): error TS1381: Unexpected token. Did you mean `{'}'}` or `&rbrace;`?
src/pages/ConvidadosPage.tsx(929,128): error TS1382: Unexpected token. Did you mean `{'>'}` or `&gt;`?
src/pages/ConvidadosPage.tsx(929,203): error TS1003: Identifier expected.
src/pages/ConvidadosPage.tsx(929,229): error TS1382: Unexpected token. Did you mean `{'>'}` or `&gt;`?
src/pages/ConvidadosPage.tsx(933,18): error TS1382: Unexpected token. Did you mean `{'>'}` or `&gt;`?
src/pages/ConvidadosPage.tsx(935,15): error TS1003: Identifier expected.
src/pages/ConvidadosPage.tsx(937,14): error TS1381: Unexpected token. Did you mean `{'}'}` or `&rbrace;`?
src/pages/ConvidadosPage.tsx(945,140): error TS1005: '}' expected.
src/pages/ConvidadosPage.tsx(951,17): error TS1005: ',' expected.
src/pages/ConvidadosPage.tsx(953,83): error TS1137: Expression or comma expected.
src/pages/ConvidadosPage.tsx(953,115): error TS1005: ':' expected.
src/pages/ConvidadosPage.tsx(955,16): error TS1381: Unexpected token. Did you mean `{'}'}` or `&rbrace;`?
src/pages/ConvidadosPage.tsx(957,14): error TS1382: Unexpected token. Did you mean `{'>'}` or `&gt;`?
src/pages/ConvidadosPage.tsx(961,9): error TS1005: ')' expected.
src/pages/ConvidadosPage.tsx(961,33): error TS1109: Expression expected.
src/pages/ConvidadosPage.tsx(1014,41): error TS1005: ';' expected.
src/pages/ConvidadosPage.tsx(1014,54): error TS1005: ';' expected.
src/pages/ConvidadosPage.tsx(1014,59): error TS1005: ';' expected.
src/pages/ConvidadosPage.tsx(1014,67): error TS1005: ';' expected.
src/pages/ConvidadosPage.tsx(1014,72): error TS1005: ';' expected.
src/pages/ConvidadosPage.tsx(1014,77): error TS1005: ';' expected.
src/pages/ConvidadosPage.tsx(1014,90): error TS1005: ';' expected.
src/pages/ConvidadosPage.tsx(1126,41): error TS1005: ';' expected.
src/pages/ConvidadosPage.tsx(1126,54): error TS1005: ';' expected.
src/pages/ConvidadosPage.tsx(1126,59): error TS1005: ';' expected.
src/pages/ConvidadosPage.tsx(1126,67): error TS1005: ';' expected.
src/pages/ConvidadosPage.tsx(1126,72): error TS1005: ';' expected.
src/pages/ConvidadosPage.tsx(1126,77): error TS1005: ';' expected.
src/pages/ConvidadosPage.tsx(1126,90): error TS1005: ';' expected.
src/pages/ConvidadosPage.tsx(1198,72): error TS1005: ';' expected.
src/pages/ConvidadosPage.tsx(1198,114): error TS1109: Expression expected.
src/pages/ConvidadosPage.tsx(1254,61): error TS1005: ';' expected.
src/pages/ConvidadosPage.tsx(1254,103): error TS1109: Expression expected.
src/pages/ConvidadosPage.tsx(1290,85): error TS1005: ';' expected.
src/pages/ConvidadosPage.tsx(1290,90): error TS1005: ';' expected.
src/pages/ConvidadosPage.tsx(1290,95): error TS1005: ';' expected.
src/pages/ConvidadosPage.tsx(1290,107): error TS1005: ';' expected.
src/pages/ConvidadosPage.tsx(1290,118): error TS1005: ';' expected.
src/pages/ConvidadosPage.tsx(1290,136): error TS1005: ';' expected.
src/pages/ConvidadosPage.tsx(1292,40): error TS1005: ';' expected.
src/pages/ConvidadosPage.tsx(1292,62): error TS1128: Declaration or statement expected.
src/pages/ConvidadosPage.tsx(1294,15): error TS1128: Declaration or statement expected.
src/pages/ConvidadosPage.tsx(1296,13): error TS1161: Unterminated regular expression literal.
src/pages/ConvidadosPage.tsx(1298,11): error TS1128: Declaration or statement expected.
src/pages/ConvidadosPage.tsx(1298,31): error TS1109: Expression expected.
src/pages/ConvidadosPage.tsx(1300,9): error TS1005: ':' expected.
src/pages/ConvidadosPage.tsx(1302,7): error TS1109: Expression expected.
src/pages/ConvidadosPage.tsx(1302,8): error TS1128: Declaration or statement expected.
src/pages/ConvidadosPage.tsx(1302,23): error TS1128: Declaration or statement expected.
src/pages/ConvidadosPage.tsx(1302,83): error TS1005: ';' expected.
src/pages/ConvidadosPage.tsx(1306,12): error TS1005: ',' expected.
src/pages/ConvidadosPage.tsx(1306,42): error TS1109: Expression expected.
src/pages/ConvidadosPage.tsx(1330,64): error TS1005: ';' expected.
src/pages/ConvidadosPage.tsx(1330,69): error TS1005: ';' expected.
src/pages/ConvidadosPage.tsx(1330,74): error TS1005: ';' expected.
src/pages/ConvidadosPage.tsx(1330,86): error TS1005: ';' expected.
src/pages/ConvidadosPage.tsx(1330,97): error TS1005: ';' expected.
src/pages/ConvidadosPage.tsx(1330,115): error TS1005: ';' expected.
src/pages/ConvidadosPage.tsx(1332,13): error TS1161: Unterminated regular expression literal.
src/pages/ConvidadosPage.tsx(1334,38): error TS1005: ';' expected.
src/pages/ConvidadosPage.tsx(1334,101): error TS1128: Declaration or statement expected.
src/pages/ConvidadosPage.tsx(1338,47): error TS1003: Identifier expected.
src/pages/ConvidadosPage.tsx(1338,49): error TS1003: Identifier expected.
src/pages/ConvidadosPage.tsx(1340,34): error TS1005: ',' expected.
src/pages/ConvidadosPage.tsx(1342,27): error TS1005: ',' expected.
src/pages/ConvidadosPage.tsx(1342,76): error TS1005: ',' expected.
src/pages/ConvidadosPage.tsx(1342,91): error TS1005: ';' expected.
src/pages/ConvidadosPage.tsx(1342,92): error TS1128: Declaration or statement expected.
src/pages/ConvidadosPage.tsx(1342,107): error TS1128: Declaration or statement expected.
src/pages/ConvidadosPage.tsx(1342,167): error TS1128: Declaration or statement expected.
src/pages/ConvidadosPage.tsx(1346,14): error TS1109: Expression expected.
src/pages/ConvidadosPage.tsx(1346,25): error TS1109: Expression expected.
src/pages/ConvidadosPage.tsx(1438,91): error TS1005: ';' expected.
src/pages/ConvidadosPage.tsx(1438,96): error TS1005: ';' expected.
src/pages/ConvidadosPage.tsx(1438,101): error TS1005: ';' expected.
src/pages/ConvidadosPage.tsx(1438,117): error TS1005: ';' expected.
src/pages/ConvidadosPage.tsx(1440,15): error TS1128: Declaration or statement expected.
src/pages/ConvidadosPage.tsx(1442,13): error TS1161: Unterminated regular expression literal.
src/pages/ConvidadosPage.tsx(1444,11): error TS1128: Declaration or statement expected.
src/pages/ConvidadosPage.tsx(1446,9): error TS1109: Expression expected.
src/pages/ConvidadosPage.tsx(1446,37): error TS1109: Expression expected.
src/pages/ConvidadosPage.tsx(1446,69): error TS1005: ':' expected.
src/pages/ConvidadosPage.tsx(1446,112): error TS1128: Declaration or statement expected.
src/pages/ConvidadosPage.tsx(1446,151): error TS2809: Declaration or statement expected. This '=' follows a block of statements, so if you intended to write a destructuring assignment, you might need to wrap the whole assignment in parentheses.
src/pages/ConvidadosPage.tsx(1448,7): error TS1128: Declaration or statement expected.
src/pages/ConvidadosPage.tsx(1448,8): error TS1128: Declaration or statement expected.
src/pages/ConvidadosPage.tsx(1450,5): error TS1128: Declaration or statement expected.
src/pages/ConvidadosPage.tsx(1450,31): error TS1109: Expression expected.
src/pages/ConvidadosPage.tsx(1452,3): error TS1128: Declaration or statement expected.
src/pages/ConvidadosPage.tsx(1454,1): error TS1128: Declaration or statement expected.
src/pages/ConvidadosPage.tsx(1454,19): error TS1128: Declaration or statement expected.
src/pages/ConvidadosPage.tsx(1503,41): error TS1005: ';' expected.
src/pages/ConvidadosPage.tsx(1503,54): error TS1005: ';' expected.
src/pages/ConvidadosPage.tsx(1503,59): error TS1005: ';' expected.
src/pages/ConvidadosPage.tsx(1503,67): error TS1005: ';' expected.
src/pages/ConvidadosPage.tsx(1503,72): error TS1005: ';' expected.
src/pages/ConvidadosPage.tsx(1503,77): error TS1005: ';' expected.
src/pages/ConvidadosPage.tsx(1503,90): error TS1005: ';' expected.
src/pages/ConvidadosPage.tsx(1615,41): error TS1005: ';' expected.
src/pages/ConvidadosPage.tsx(1615,54): error TS1005: ';' expected.
src/pages/ConvidadosPage.tsx(1615,59): error TS1005: ';' expected.
src/pages/ConvidadosPage.tsx(1615,67): error TS1005: ';' expected.
src/pages/ConvidadosPage.tsx(1615,72): error TS1005: ';' expected.
src/pages/ConvidadosPage.tsx(1615,77): error TS1005: ';' expected.
src/pages/ConvidadosPage.tsx(1615,90): error TS1005: ';' expected.
src/pages/ConvidadosPage.tsx(1691,73): error TS1005: ';' expected.
src/pages/ConvidadosPage.tsx(1691,115): error TS1109: Expression expected.
src/pages/ConvidadosPage.tsx(1747,50): error TS1005: ';' expected.
src/pages/ConvidadosPage.tsx(1747,92): error TS1109: Expression expected.
src/pages/ConvidadosPage.tsx(1783,39): error TS1005: ';' expected.
src/pages/ConvidadosPage.tsx(1783,44): error TS1005: ';' expected.
src/pages/ConvidadosPage.tsx(1783,49): error TS1005: ';' expected.
src/pages/ConvidadosPage.tsx(1783,61): error TS1005: ';' expected.
src/pages/ConvidadosPage.tsx(1783,72): error TS1005: ';' expected.
src/pages/ConvidadosPage.tsx(1783,90): error TS1005: ';' expected.
src/pages/ConvidadosPage.tsx(1785,13): error TS1161: Unterminated regular expression literal.
src/pages/ConvidadosPage.tsx(1787,11): error TS1128: Declaration or statement expected.
src/pages/ConvidadosPage.tsx(1787,55): error TS1005: ';' expected.
src/pages/ConvidadosPage.tsx(1787,124): error TS1005: ';' expected.
src/pages/ConvidadosPage.tsx(1789,9): error TS1109: Expression expected.
src/pages/ConvidadosPage.tsx(1791,7): error TS1109: Expression expected.
src/pages/ConvidadosPage.tsx(1791,23): error TS1128: Declaration or statement expected.
src/pages/ConvidadosPage.tsx(1795,46): error TS1109: Expression expected.
src/pages/ConvidadosPage.tsx(1799,83): error TS1003: Identifier expected.
src/pages/ConvidadosPage.tsx(1799,84): error TS1003: Identifier expected.
src/pages/ConvidadosPage.tsx(1823,23): error TS1005: ';' expected.
src/pages/ConvidadosPage.tsx(1823,28): error TS1005: ';' expected.
src/pages/ConvidadosPage.tsx(1823,33): error TS1005: ';' expected.
src/pages/ConvidadosPage.tsx(1823,45): error TS1005: ';' expected.
src/pages/ConvidadosPage.tsx(1823,56): error TS1005: ';' expected.
src/pages/ConvidadosPage.tsx(1823,74): error TS1005: ';' expected.
src/pages/ConvidadosPage.tsx(1827,49): error TS1003: Identifier expected.
src/pages/ConvidadosPage.tsx(1827,70): error TS1128: Declaration or statement expected.
src/pages/ConvidadosPage.tsx(1829,34): error TS1005: ',' expected.
src/pages/ConvidadosPage.tsx(1831,27): error TS1005: ',' expected.
src/pages/ConvidadosPage.tsx(1831,76): error TS1005: ',' expected.
src/pages/ConvidadosPage.tsx(1831,91): error TS1005: ';' expected.
src/pages/ConvidadosPage.tsx(1831,107): error TS1128: Declaration or statement expected.
src/pages/ConvidadosPage.tsx(1835,14): error TS1109: Expression expected.
src/pages/ConvidadosPage.tsx(1835,29): error TS1109: Expression expected.
src/pages/ConvidadosPage.tsx(1835,91): error TS1005: ';' expected.
src/pages/ConvidadosPage.tsx(1835,192): error TS1005: ';' expected.
src/pages/ConvidadosPage.tsx(1839,30): error TS1003: Identifier expected.
src/pages/ConvidadosPage.tsx(1839,31): error TS1003: Identifier expected.
src/pages/ConvidadosPage.tsx(1931,43): error TS1005: ';' expected.
src/pages/ConvidadosPage.tsx(1931,48): error TS1005: ';' expected.
src/pages/ConvidadosPage.tsx(1931,53): error TS1005: ';' expected.
src/pages/ConvidadosPage.tsx(1931,69): error TS1005: ';' expected.
src/pages/ConvidadosPage.tsx(1933,11): error TS1128: Declaration or statement expected.
src/pages/ConvidadosPage.tsx(1935,9): error TS1109: Expression expected.
src/pages/ConvidadosPage.tsx(1937,7): error TS1128: Declaration or statement expected.
src/pages/ConvidadosPage.tsx(1939,5): error TS1128: Declaration or statement expected.
src/pages/ConvidadosPage.tsx(1939,31): error TS1109: Expression expected.
src/pages/ConvidadosPage.tsx(1939,61): error TS1005: ':' expected.
src/pages/ConvidadosPage.tsx(1941,3): error TS1128: Declaration or statement expected.
src/pages/ConvidadosPage.tsx(1943,23): error TS1128: Declaration or statement expected.
src/pages/ConvidadosPage.tsx(1994,41): error TS1005: ';' expected.
src/pages/ConvidadosPage.tsx(1994,54): error TS1005: ';' expected.
src/pages/ConvidadosPage.tsx(1994,59): error TS1005: ';' expected.
src/pages/ConvidadosPage.tsx(1994,67): error TS1005: ';' expected.
src/pages/ConvidadosPage.tsx(1994,72): error TS1005: ';' expected.
src/pages/ConvidadosPage.tsx(1994,77): error TS1005: ';' expected.
src/pages/ConvidadosPage.tsx(1994,90): error TS1005: ';' expected.
src/pages/ConvidadosPage.tsx(2106,41): error TS1005: ';' expected.
src/pages/ConvidadosPage.tsx(2106,54): error TS1005: ';' expected.
src/pages/ConvidadosPage.tsx(2106,59): error TS1005: ';' expected.
src/pages/ConvidadosPage.tsx(2106,67): error TS1005: ';' expected.
src/pages/ConvidadosPage.tsx(2106,72): error TS1005: ';' expected.
src/pages/ConvidadosPage.tsx(2106,77): error TS1005: ';' expected.
src/pages/ConvidadosPage.tsx(2106,90): error TS1005: ';' expected.
src/pages/ConvidadosPage.tsx(2190,64): error TS1005: ';' expected.
src/pages/ConvidadosPage.tsx(2190,106): error TS1109: Expression expected.
src/pages/ConvidadosPage.tsx(2246,76): error TS1005: ';' expected.
src/pages/ConvidadosPage.tsx(2246,118): error TS1109: Expression expected.
src/pages/ConvidadosPage.tsx(2286,54): error TS1005: ';' expected.
src/pages/ConvidadosPage.tsx(2286,59): error TS1005: ';' expected.
src/pages/ConvidadosPage.tsx(2286,64): error TS1005: ';' expected.
src/pages/ConvidadosPage.tsx(2286,76): error TS1005: ';' expected.
src/pages/ConvidadosPage.tsx(2286,87): error TS1005: ';' expected.
src/pages/ConvidadosPage.tsx(2286,105): error TS1005: ';' expected.
src/pages/ConvidadosPage.tsx(2290,89): error TS1003: Identifier expected.
src/pages/ConvidadosPage.tsx(2290,109): error TS1005: ';' expected.
src/pages/ConvidadosPage.tsx(2294,21): error TS1136: Property assignment expected.
src/pages/ConvidadosPage.tsx(2294,24): error TS1005: ';' expected.
src/pages/ConvidadosPage.tsx(2294,63): error TS1128: Declaration or statement expected.
src/pages/ConvidadosPage.tsx(2298,24): error TS1109: Expression expected.
src/pages/ConvidadosPage.tsx(2298,86): error TS1005: ';' expected.
src/pages/ConvidadosPage.tsx(2302,29): error TS1003: Identifier expected.
src/pages/ConvidadosPage.tsx(2302,31): error TS1381: Unexpected token. Did you mean `{'}'}` or `&rbrace;`?
src/pages/ConvidadosPage.tsx(2306,48): error TS1382: Unexpected token. Did you mean `{'>'}` or `&gt;`?
src/pages/ConvidadosPage.tsx(2306,89): error TS1005: '}' expected.
src/pages/ConvidadosPage.tsx(2306,144): error TS1381: Unexpected token. Did you mean `{'}'}` or `&rbrace;`?
src/pages/ConvidadosPage.tsx(2312,14): error TS1382: Unexpected token. Did you mean `{'>'}` or `&gt;`?
src/pages/ConvidadosPage.tsx(2314,11): error TS17002: Expected corresponding JSX closing tag for 'div'.
src/pages/ConvidadosPage.tsx(2316,13): error TS2657: JSX expressions must have one parent element.
src/pages/ConvidadosPage.tsx(2318,41): error TS1003: Identifier expected.
src/pages/ConvidadosPage.tsx(2322,142): error TS1003: Identifier expected.
src/pages/ConvidadosPage.tsx(2326,14): error TS1109: Expression expected.
src/pages/ConvidadosPage.tsx(2326,34): error TS1005: ';' expected.
src/pages/ConvidadosPage.tsx(2330,36): error TS1003: Identifier expected.
src/pages/ConvidadosPage.tsx(2330,55): error TS1005: '}' expected.
src/pages/ConvidadosPage.tsx(2334,34): error TS1005: ',' expected.
src/pages/ConvidadosPage.tsx(2336,15): error TS1005: ':' expected.
src/pages/ConvidadosPage.tsx(2336,27): error TS1005: ',' expected.
src/pages/ConvidadosPage.tsx(2336,79): error TS1005: ',' expected.
src/pages/ConvidadosPage.tsx(2336,118): error TS1005: ';' expected.
src/pages/ConvidadosPage.tsx(2338,51): error TS1005: ';' expected.
src/pages/ConvidadosPage.tsx(2338,113): error TS1005: ';' expected.
src/pages/ConvidadosPage.tsx(2340,13): error TS1161: Unterminated regular expression literal.
src/pages/ConvidadosPage.tsx(2439,29): error TS1005: ';' expected.
src/pages/ConvidadosPage.tsx(2439,34): error TS1005: ';' expected.
src/pages/ConvidadosPage.tsx(2439,39): error TS1005: ';' expected.
src/pages/ConvidadosPage.tsx(2439,55): error TS1005: ';' expected.
src/pages/ConvidadosPage.tsx(2443,53): error TS1005: ':' expected.
src/pages/ConvidadosPage.tsx(2445,21): error TS1128: Declaration or statement expected.
src/pages/ConvidadosPage.tsx(2497,41): error TS1005: ';' expected.
src/pages/ConvidadosPage.tsx(2497,54): error TS1005: ';' expected.
src/pages/ConvidadosPage.tsx(2497,59): error TS1005: ';' expected.
src/pages/ConvidadosPage.tsx(2497,67): error TS1005: ';' expected.
src/pages/ConvidadosPage.tsx(2497,72): error TS1005: ';' expected.
src/pages/ConvidadosPage.tsx(2497,77): error TS1005: ';' expected.
src/pages/ConvidadosPage.tsx(2497,90): error TS1005: ';' expected.
src/pages/ConvidadosPage.tsx(2611,41): error TS1005: ';' expected.
src/pages/ConvidadosPage.tsx(2611,54): error TS1005: ';' expected.
src/pages/ConvidadosPage.tsx(2611,59): error TS1005: ';' expected.
src/pages/ConvidadosPage.tsx(2611,67): error TS1005: ';' expected.
src/pages/ConvidadosPage.tsx(2611,72): error TS1005: ';' expected.
src/pages/ConvidadosPage.tsx(2611,77): error TS1005: ';' expected.
src/pages/ConvidadosPage.tsx(2611,90): error TS1005: ';' expected.
src/pages/ConvidadosPage.tsx(2763,37): error TS1005: ';' expected.
src/pages/ConvidadosPage.tsx(2763,44): error TS1005: ';' expected.
src/pages/ConvidadosPage.tsx(2763,53): error TS1005: ';' expected.
src/pages/ConvidadosPage.tsx(2763,71): error TS1005: ';' expected.
src/pages/ConvidadosPage.tsx(2763,86): error TS1005: ';' expected.
src/pages/ConvidadosPage.tsx(2763,92): error TS1005: ';' expected.
src/pages/ConvidadosPage.tsx(2763,97): error TS1005: ';' expected.
src/pages/ConvidadosPage.tsx(2763,105): error TS1005: ';' expected.
src/pages/ConvidadosPage.tsx(2763,110): error TS1005: ';' expected.
src/pages/ConvidadosPage.tsx(2763,118): error TS1005: ';' expected.
src/pages/ConvidadosPage.tsx(2763,129): error TS1005: ';' expected.
src/pages/ConvidadosPage.tsx(2763,141): error TS1005: ';' expected.
src/pages/ConvidadosPage.tsx(2763,156): error TS1005: ';' expected.
src/pages/ConvidadosPage.tsx(2763,164): error TS1005: ';' expected.
src/pages/ConvidadosPage.tsx(2763,177): error TS1005: ';' expected.
src/pages/ConvidadosPage.tsx(2763,198): error TS1136: Property assignment expected.
src/pages/ConvidadosPage.tsx(2763,201): error TS1005: ';' expected.
src/pages/ConvidadosPage.tsx(2767,42): error TS1003: Identifier expected.
src/pages/ConvidadosPage.tsx(2767,63): error TS1005: ';' expected.
src/pages/ConvidadosPage.tsx(2767,74): error TS1136: Property assignment expected.
src/pages/ConvidadosPage.tsx(2771,15): error TS1005: '}' expected.
src/pages/ConvidadosPage.tsx(2771,35): error TS1005: ',' expected.
src/pages/ConvidadosPage.tsx(2771,103): error TS1005: ':' expected.
src/pages/ConvidadosPage.tsx(2773,27): error TS1005: ',' expected.
src/pages/ConvidadosPage.tsx(2773,74): error TS1005: ',' expected.
src/pages/ConvidadosPage.tsx(2773,106): error TS1005: ';' expected.
src/pages/ConvidadosPage.tsx(2775,39): error TS1109: Expression expected.
src/pages/ConvidadosPage.tsx(2777,17): error TS1005: ':' expected.
src/pages/ConvidadosPage.tsx(2777,40): error TS1005: ';' expected.
src/pages/ConvidadosPage.tsx(2777,62): error TS1128: Declaration or statement expected.
src/pages/ConvidadosPage.tsx(2779,40): error TS1005: ';' expected.
src/pages/ConvidadosPage.tsx(2779,62): error TS1128: Declaration or statement expected.
src/pages/ConvidadosPage.tsx(2785,11): error TS1128: Declaration or statement expected.
src/pages/ConvidadosPage.tsx(2787,9): error TS1109: Expression expected.
src/pages/ConvidadosPage.tsx(2789,7): error TS1109: Expression expected.
src/pages/ConvidadosPage.tsx(2789,8): error TS1128: Declaration or statement expected.
src/pages/ConvidadosPage.tsx(2791,11): error TS2657: JSX expressions must have one parent element.
src/pages/ConvidadosPage.tsx(2795,40): error TS1109: Expression expected.
src/pages/ConvidadosPage.tsx(2795,59): error TS2657: JSX expressions must have one parent element.
src/pages/ConvidadosPage.tsx(2799,81): error TS1003: Identifier expected.
src/pages/ConvidadosPage.tsx(2799,96): error TS1003: Identifier expected.
src/pages/ConvidadosPage.tsx(2807,193): error TS1136: Property assignment expected.
src/pages/ConvidadosPage.tsx(2807,196): error TS1005: '}' expected.
src/pages/ConvidadosPage.tsx(2807,197): error TS1382: Unexpected token. Did you mean `{'>'}` or `&gt;`?
src/pages/ConvidadosPage.tsx(2807,220): error TS1381: Unexpected token. Did you mean `{'}'}` or `&rbrace;`?
src/pages/ConvidadosPage.tsx(2811,41): error TS1003: Identifier expected.
src/pages/ConvidadosPage.tsx(2815,15): error TS1005: '}' expected.
src/pages/ConvidadosPage.tsx(2821,14): error TS1382: Unexpected token. Did you mean `{'>'}` or `&gt;`?
src/pages/ConvidadosPage.tsx(2823,11): error TS1381: Unexpected token. Did you mean `{'}'}` or `&rbrace;`?
src/pages/ConvidadosPage.tsx(2823,13): error TS1381: Unexpected token. Did you mean `{'}'}` or `&rbrace;`?
src/pages/ConvidadosPage.tsx(2827,52): error TS1381: Unexpected token. Did you mean `{'}'}` or `&rbrace;`?
src/pages/ConvidadosPage.tsx(2827,54): error TS1381: Unexpected token. Did you mean `{'}'}` or `&rbrace;`?
src/pages/ConvidadosPage.tsx(2831,126): error TS1382: Unexpected token. Did you mean `{'>'}` or `&gt;`?
src/pages/ConvidadosPage.tsx(2835,14): error TS1382: Unexpected token. Did you mean `{'>'}` or `&gt;`?
src/pages/ConvidadosPage.tsx(2839,28): error TS1003: Identifier expected.
src/pages/ConvidadosPage.tsx(2839,30): error TS17002: Expected corresponding JSX closing tag for 'Input'.
src/pages/ConvidadosPage.tsx(2847,45): error TS17002: Expected corresponding JSX closing tag for 'button'.
src/pages/ConvidadosPage.tsx(2849,14): error TS1109: Expression expected.
src/pages/ConvidadosPage.tsx(2853,18): error TS1005: ';' expected.
src/pages/ConvidadosPage.tsx(2855,32): error TS1005: '>' expected.
src/pages/ConvidadosPage.tsx(2859,55): error TS1005: '>' expected.
src/pages/ConvidadosPage.tsx(2867,129): error TS1136: Property assignment expected.
src/pages/ConvidadosPage.tsx(2867,132): error TS1005: '}' expected.
src/pages/ConvidadosPage.tsx(2867,133): error TS1382: Unexpected token. Did you mean `{'>'}` or `&gt;`?
src/pages/ConvidadosPage.tsx(2867,155): error TS1381: Unexpected token. Did you mean `{'}'}` or `&rbrace;`?
src/pages/ConvidadosPage.tsx(2873,15): error TS1109: Expression expected.
src/pages/ConvidadosPage.tsx(2875,15): error TS17002: Expected corresponding JSX closing tag for 'button'.
src/pages/ConvidadosPage.tsx(2879,53): error TS1109: Expression expected.
src/pages/ConvidadosPage.tsx(2883,33): error TS1003: Identifier expected.
src/pages/ConvidadosPage.tsx(2883,35): error TS1381: Unexpected token. Did you mean `{'}'}` or `&rbrace;`?
src/pages/ConvidadosPage.tsx(2887,66): error TS1382: Unexpected token. Did you mean `{'>'}` or `&gt;`?
src/pages/ConvidadosPage.tsx(2887,77): error TS1381: Unexpected token. Did you mean `{'}'}` or `&rbrace;`?
src/pages/ConvidadosPage.tsx(2887,79): error TS1381: Unexpected token. Did you mean `{'}'}` or `&rbrace;`?
src/pages/ConvidadosPage.tsx(2891,106): error TS1382: Unexpected token. Did you mean `{'>'}` or `&gt;`?
src/pages/ConvidadosPage.tsx(2893,18): error TS1382: Unexpected token. Did you mean `{'>'}` or `&gt;`?
src/pages/ConvidadosPage.tsx(2895,11): error TS17015: Expected corresponding closing tag for JSX fragment.
src/pages/ConvidadosPage.tsx(2895,17): error TS1382: Unexpected token. Did you mean `{'>'}` or `&gt;`?
src/pages/ConvidadosPage.tsx(2899,57): error TS1003: Identifier expected.
src/pages/ConvidadosPage.tsx(2899,72): error TS1003: Identifier expected.
src/pages/ConvidadosPage.tsx(2899,74): error TS17002: Expected corresponding JSX closing tag for 'input'.
src/pages/ConvidadosPage.tsx(2901,38): error TS1005: ',' expected.
src/pages/ConvidadosPage.tsx(2903,31): error TS1005: ',' expected.
src/pages/ConvidadosPage.tsx(2903,88): error TS1005: ',' expected.
src/pages/ConvidadosPage.tsx(2903,103): error TS1005: ';' expected.
src/pages/ConvidadosPage.tsx(2903,124): error TS1136: Property assignment expected.
src/pages/ConvidadosPage.tsx(2903,127): error TS1005: ';' expected.
src/pages/ConvidadosPage.tsx(2903,149): error TS1128: Declaration or statement expected.
src/pages/ConvidadosPage.tsx(2907,29): error TS1005: ';' expected.
src/pages/ConvidadosPage.tsx(2907,40): error TS1136: Property assignment expected.
src/pages/ConvidadosPage.tsx(2907,131): error TS1136: Property assignment expected.
src/pages/ConvidadosPage.tsx(2907,134): error TS1005: '}' expected.
src/pages/ConvidadosPage.tsx(2907,156): error TS1128: Declaration or statement expected.
src/pages/ConvidadosPage.tsx(2909,15): error TS1128: Declaration or statement expected.
src/pages/ConvidadosPage.tsx(2909,17): error TS1109: Expression expected.
src/pages/ConvidadosPage.tsx(2911,13): error TS1109: Expression expected.
src/pages/ConvidadosPage.tsx(2911,14): error TS1128: Declaration or statement expected.
src/pages/ConvidadosPage.tsx(2911,56): error TS1005: ';' expected.
src/pages/ConvidadosPage.tsx(2911,67): error TS1136: Property assignment expected.
src/pages/ConvidadosPage.tsx(2915,34): error TS1003: Identifier expected.
src/pages/ConvidadosPage.tsx(2915,36): error TS1003: Identifier expected.
src/pages/ConvidadosPage.tsx(2915,82): error TS1005: ';' expected.
src/pages/ConvidadosPage.tsx(2919,34): error TS1005: ',' expected.
src/pages/ConvidadosPage.tsx(2919,54): error TS1005: ';' expected.
src/pages/ConvidadosPage.tsx(2921,15): error TS1005: ':' expected.
src/pages/ConvidadosPage.tsx(2921,27): error TS1005: ',' expected.
src/pages/ConvidadosPage.tsx(2921,72): error TS1005: ',' expected.
src/pages/ConvidadosPage.tsx(2921,104): error TS1005: ';' expected.
src/pages/ConvidadosPage.tsx(2921,105): error TS1128: Declaration or statement expected.
src/pages/ConvidadosPage.tsx(2923,35): error TS1109: Expression expected.
src/pages/ConvidadosPage.tsx(2927,84): error TS1128: Declaration or statement expected.
src/pages/ConvidadosPage.tsx(2929,15): error TS1128: Declaration or statement expected.
src/pages/ConvidadosPage.tsx(2929,16): error TS1128: Declaration or statement expected.
src/pages/ConvidadosPage.tsx(2931,13): error TS1161: Unterminated regular expression literal.
src/pages/ConvidadosPage.tsx(2933,11): error TS1128: Declaration or statement expected.
src/pages/ConvidadosPage.tsx(2935,9): error TS1109: Expression expected.
src/pages/ConvidadosPage.tsx(2935,25): error TS1109: Expression expected.
src/pages/ConvidadosPage.tsx(2935,44): error TS1127: Invalid character.
src/pages/ConvidadosPage.tsx(2935,74): error TS1005: ',' expected.
src/pages/ConvidadosPage.tsx(2937,7): error TS1128: Declaration or statement expected.
src/pages/ConvidadosPage.tsx(2937,8): error TS1128: Declaration or statement expected.
src/pages/ConvidadosPage.tsx(2939,5): error TS1128: Declaration or statement expected.
src/pages/ConvidadosPage.tsx(2939,17): error TS1109: Expression expected.
src/pages/ConvidadosPage.tsx(2939,31): error TS1109: Expression expected.
src/pages/ConvidadosPage.tsx(2941,3): error TS1109: Expression expected.
src/pages/ConvidadosPage.tsx(2943,1): error TS1128: Declaration or statement expected.
src/pages/ConvidadosPage.tsx(2943,9): error TS1128: Declaration or statement expected.
src/pages/ConvidadosPage.tsx(2950,14): error TS1005: ';' expected.
src/pages/ConvidadosPage.tsx(2956,14): error TS17008: JSX element 'p' has no corresponding closing tag.
src/pages/ConvidadosPage.tsx(2962,31): error TS17002: Expected corresponding JSX closing tag for 'div'.
src/pages/ConvidadosPage.tsx(2966,32): error TS1005: '>' expected.
src/pages/ConvidadosPage.tsx(2972,19): error TS1109: Expression expected.
src/pages/ConvidadosPage.tsx(2972,49): error TS1005: ':' expected.
src/pages/ConvidadosPage.tsx(2972,73): error TS1382: Unexpected token. Did you mean `{'>'}` or `&gt;`?
src/pages/ConvidadosPage.tsx(2974,45): error TS1382: Unexpected token. Did you mean `{'>'}` or `&gt;`?
src/pages/ConvidadosPage.tsx(2976,82): error TS1382: Unexpected token. Did you mean `{'>'}` or `&gt;`?
src/pages/ConvidadosPage.tsx(2980,15): error TS1381: Unexpected token. Did you mean `{'}'}` or `&rbrace;`?
src/pages/ConvidadosPage.tsx(2980,17): error TS1381: Unexpected token. Did you mean `{'}'}` or `&rbrace;`?
src/pages/ConvidadosPage.tsx(2982,92): error TS1381: Unexpected token. Did you mean `{'}'}` or `&rbrace;`?
src/pages/ConvidadosPage.tsx(2982,94): error TS1381: Unexpected token. Did you mean `{'}'}` or `&rbrace;`?
src/pages/ConvidadosPage.tsx(2984,14): error TS1382: Unexpected token. Did you mean `{'>'}` or `&gt;`?
src/pages/ConvidadosPage.tsx(2986,30): error TS1109: Expression expected.
src/pages/ConvidadosPage.tsx(2988,99): error TS1005: '}' expected.
src/pages/ConvidadosPage.tsx(2992,22): error TS1005: ';' expected.
src/pages/ConvidadosPage.tsx(2994,7): error TS1109: Expression expected.
src/pages/ConvidadosPage.tsx(2998,12): error TS1005: ';' expected.
src/pages/ConvidadosPage.tsx(3000,21): error TS2657: JSX expressions must have one parent element.
src/pages/ConvidadosPage.tsx(3012,12): error TS17008: JSX element 'p' has no corresponding closing tag.
src/pages/ConvidadosPage.tsx(3018,28): error TS17002: Expected corresponding JSX closing tag for 'div'.
src/pages/ConvidadosPage.tsx(3024,12): error TS17008: JSX element 'p' has no corresponding closing tag.
src/pages/ConvidadosPage.tsx(3030,26): error TS1005: ';' expected.
src/pages/ConvidadosPage.tsx(3032,9): error TS2657: JSX expressions must have one parent element.
src/pages/ConvidadosPage.tsx(3036,12): error TS17008: JSX element 'p' has no corresponding closing tag.
src/pages/ConvidadosPage.tsx(3042,26): error TS1005: ';' expected.
src/pages/ConvidadosPage.tsx(3044,7): error TS1109: Expression expected.
src/pages/ConvidadosPage.tsx(3044,21): error TS1109: Expression expected.
src/pages/ConvidadosPage.tsx(3046,7): error TS1109: Expression expected.
src/pages/ConvidadosPage.tsx(3052,19): error TS1005: ')' expected.
src/pages/ConvidadosPage.tsx(3054,22): error TS1136: Property assignment expected.
src/pages/ConvidadosPage.tsx(3056,24): error TS1003: Identifier expected.
src/pages/ConvidadosPage.tsx(3056,30): error TS1003: Identifier expected.
src/pages/ConvidadosPage.tsx(3056,53): error TS1005: '}' expected.
src/pages/ConvidadosPage.tsx(3056,64): error TS1136: Property assignment expected.
src/pages/ConvidadosPage.tsx(3058,15): error TS1109: Expression expected.
src/pages/ConvidadosPage.tsx(3058,58): error TS1005: ':' expected.
src/pages/ConvidadosPage.tsx(3060,15): error TS1128: Declaration or statement expected.
src/pages/ConvidadosPage.tsx(3062,11): error TS1005: ':' expected.
src/pages/ConvidadosPage.tsx(3066,41): error TS1109: Expression expected.
src/pages/ConvidadosPage.tsx(3068,9): error TS1109: Expression expected.
src/pages/ConvidadosPage.tsx(3068,37): error TS1005: ',' expected.
src/pages/ConvidadosPage.tsx(3070,7): error TS1128: Declaration or statement expected.
src/pages/ConvidadosPage.tsx(3070,8): error TS1128: Declaration or statement expected.
src/pages/ConvidadosPage.tsx(3070,17): error TS1128: Declaration or statement expected.
src/pages/ConvidadosPage.tsx(3072,7): error TS1109: Expression expected.
src/pages/ConvidadosPage.tsx(3072,8): error TS1128: Declaration or statement expected.
src/pages/ConvidadosPage.tsx(3076,7): error TS2657: JSX expressions must have one parent element.
src/pages/ConvidadosPage.tsx(3076,31): error TS1005: '...' expected.
src/pages/ConvidadosPage.tsx(3078,35): error TS1003: Identifier expected.
src/pages/ConvidadosPage.tsx(3086,42): error TS1382: Unexpected token. Did you mean `{'>'}` or `&gt;`?
src/pages/ConvidadosPage.tsx(3092,15): error TS2657: JSX expressions must have one parent element.
src/pages/ConvidadosPage.tsx(3094,45): error TS1003: Identifier expected.
src/pages/ConvidadosPage.tsx(3102,33): error TS1005: ')' expected.
src/pages/ConvidadosPage.tsx(3126,53): error TS1136: Property assignment expected.
src/pages/ConvidadosPage.tsx(3126,57): error TS1005: ',' expected.
src/pages/ConvidadosPage.tsx(3126,58): error TS1382: Unexpected token. Did you mean `{'>'}` or `&gt;`?
src/pages/ConvidadosPage.tsx(3126,108): error TS1005: '}' expected.
src/pages/ConvidadosPage.tsx(3126,149): error TS1381: Unexpected token. Did you mean `{'}'}` or `&rbrace;`?
src/pages/ConvidadosPage.tsx(3126,151): error TS1381: Unexpected token. Did you mean `{'}'}` or `&rbrace;`?
src/pages/ConvidadosPage.tsx(3128,26): error TS1005: '}' expected.
src/pages/ConvidadosPage.tsx(3128,57): error TS1381: Unexpected token. Did you mean `{'}'}` or `&rbrace;`?
src/pages/ConvidadosPage.tsx(3134,44): error TS1005: '}' expected.
src/pages/ConvidadosPage.tsx(3134,73): error TS1381: Unexpected token. Did you mean `{'}'}` or `&rbrace;`?
src/pages/ConvidadosPage.tsx(3136,16): error TS1382: Unexpected token. Did you mean `{'>'}` or `&gt;`?
src/pages/ConvidadosPage.tsx(3136,34): error TS1381: Unexpected token. Did you mean `{'}'}` or `&rbrace;`?
src/pages/ConvidadosPage.tsx(3138,71): error TS1382: Unexpected token. Did you mean `{'>'}` or `&gt;`?
src/pages/ConvidadosPage.tsx(3140,18): error TS17008: JSX element 'input' has no corresponding closing tag.
src/pages/ConvidadosPage.tsx(3140,42): error TS1005: '>' expected.
src/pages/ConvidadosPage.tsx(3154,116): error TS1382: Unexpected token. Did you mean `{'>'}` or `&gt;`?
src/pages/ConvidadosPage.tsx(3158,58): error TS1109: Expression expected.
src/pages/ConvidadosPage.tsx(3158,60): error TS17015: Expected corresponding closing tag for JSX fragment.
src/pages/ConvidadosPage.tsx(3158,63): error TS1382: Unexpected token. Did you mean `{'>'}` or `&gt;`?
src/pages/ConvidadosPage.tsx(3160,39): error TS1005: '...' expected.
src/pages/ConvidadosPage.tsx(3164,19): error TS1005: ')' expected.
src/pages/ConvidadosPage.tsx(3172,16): error TS1381: Unexpected token. Did you mean `{'}'}` or `&rbrace;`?
src/pages/ConvidadosPage.tsx(3172,34): error TS1382: Unexpected token. Did you mean `{'>'}` or `&gt;`?
src/pages/ConvidadosPage.tsx(3174,58): error TS1381: Unexpected token. Did you mean `{'}'}` or `&rbrace;`?
src/pages/ConvidadosPage.tsx(3190,15): error TS1003: Identifier expected.
src/pages/ConvidadosPage.tsx(3192,27): error TS1003: Identifier expected.
src/pages/ConvidadosPage.tsx(3194,46): error TS1109: Expression expected.
src/pages/ConvidadosPage.tsx(3198,15): error TS2657: JSX expressions must have one parent element.
src/pages/ConvidadosPage.tsx(3200,57): error TS1003: Identifier expected.
src/pages/ConvidadosPage.tsx(3208,33): error TS1005: ')' expected.
src/pages/ConvidadosPage.tsx(3232,53): error TS1136: Property assignment expected.
src/pages/ConvidadosPage.tsx(3232,57): error TS1005: ',' expected.
src/pages/ConvidadosPage.tsx(3232,58): error TS1382: Unexpected token. Did you mean `{'>'}` or `&gt;`?
src/pages/ConvidadosPage.tsx(3232,106): error TS1005: '}' expected.
src/pages/ConvidadosPage.tsx(3232,147): error TS1381: Unexpected token. Did you mean `{'}'}` or `&rbrace;`?
src/pages/ConvidadosPage.tsx(3232,149): error TS1381: Unexpected token. Did you mean `{'}'}` or `&rbrace;`?
src/pages/ConvidadosPage.tsx(3234,26): error TS1005: '}' expected.
src/pages/ConvidadosPage.tsx(3234,57): error TS1381: Unexpected token. Did you mean `{'}'}` or `&rbrace;`?
src/pages/ConvidadosPage.tsx(3240,44): error TS1005: '}' expected.
src/pages/ConvidadosPage.tsx(3240,73): error TS1381: Unexpected token. Did you mean `{'}'}` or `&rbrace;`?
src/pages/ConvidadosPage.tsx(3242,16): error TS1382: Unexpected token. Did you mean `{'>'}` or `&gt;`?
src/pages/ConvidadosPage.tsx(3242,34): error TS1381: Unexpected token. Did you mean `{'}'}` or `&rbrace;`?
src/pages/ConvidadosPage.tsx(3244,71): error TS1382: Unexpected token. Did you mean `{'>'}` or `&gt;`?
src/pages/ConvidadosPage.tsx(3246,18): error TS17008: JSX element 'input' has no corresponding closing tag.
src/pages/ConvidadosPage.tsx(3246,42): error TS1005: '>' expected.
src/pages/ConvidadosPage.tsx(3260,112): error TS1382: Unexpected token. Did you mean `{'>'}` or `&gt;`?
src/pages/ConvidadosPage.tsx(3264,55): error TS1109: Expression expected.
src/pages/ConvidadosPage.tsx(3264,57): error TS17015: Expected corresponding closing tag for JSX fragment.
src/pages/ConvidadosPage.tsx(3264,60): error TS1382: Unexpected token. Did you mean `{'>'}` or `&gt;`?
src/pages/ConvidadosPage.tsx(3268,19): error TS2657: JSX expressions must have one parent element.
src/pages/ConvidadosPage.tsx(3270,65): error TS1003: Identifier expected.
src/pages/ConvidadosPage.tsx(3278,41): error TS1005: ')' expected.
src/pages/ConvidadosPage.tsx(3294,39): error TS1382: Unexpected token. Did you mean `{'>'}` or `&gt;`?
src/pages/ConvidadosPage.tsx(3296,16): error TS1381: Unexpected token. Did you mean `{'}'}` or `&rbrace;`?
src/pages/ConvidadosPage.tsx(3296,35): error TS1003: Identifier expected.
src/pages/ConvidadosPage.tsx(3298,58): error TS1381: Unexpected token. Did you mean `{'}'}` or `&rbrace;`?
src/pages/ConvidadosPage.tsx(3314,15): error TS1003: Identifier expected.
src/pages/ConvidadosPage.tsx(3314,30): error TS1005: ';' expected.
src/pages/ConvidadosPage.tsx(3316,11): error TS1109: Expression expected.
src/pages/ConvidadosPage.tsx(3316,12): error TS1128: Declaration or statement expected.
src/pages/ConvidadosPage.tsx(3316,25): error TS1128: Declaration or statement expected.
src/pages/ConvidadosPage.tsx(3316,27): error TS1109: Expression expected.
src/pages/ConvidadosPage.tsx(3318,9): error TS1109: Expression expected.
src/pages/ConvidadosPage.tsx(3318,25): error TS1109: Expression expected.
src/pages/ConvidadosPage.tsx(3318,26): error TS1128: Declaration or statement expected.
src/pages/ConvidadosPage.tsx(3320,7): error TS1128: Declaration or statement expected.
src/pages/ConvidadosPage.tsx(3320,23): error TS1109: Expression expected.
src/pages/ConvidadosPage.tsx(3322,7): error TS1109: Expression expected.
src/pages/ConvidadosPage.tsx(3328,10): error TS1109: Expression expected.
src/pages/ConvidadosPage.tsx(3328,22): error TS1005: ',' expected.
src/pages/ConvidadosPage.tsx(3330,11): error TS2657: JSX expressions must have one parent element.
src/pages/ConvidadosPage.tsx(3332,57): error TS1003: Identifier expected.
src/pages/ConvidadosPage.tsx(3340,41): error TS1382: Unexpected token. Did you mean `{'>'}` or `&gt;`?
src/pages/ConvidadosPage.tsx(3346,11): error TS1005: ')' expected.
src/pages/ConvidadosPage.tsx(3354,17): error TS2657: JSX expressions must have one parent element.
src/pages/ConvidadosPage.tsx(3358,32): error TS1109: Expression expected.
src/pages/ConvidadosPage.tsx(3360,52): error TS1382: Unexpected token. Did you mean `{'>'}` or `&gt;`?
src/pages/ConvidadosPage.tsx(3362,18): error TS17008: JSX element 'Card' has no corresponding closing tag.
src/pages/ConvidadosPage.tsx(3362,93): error TS1382: Unexpected token. Did you mean `{'>'}` or `&gt;`?
src/pages/ConvidadosPage.tsx(3372,26): error TS17008: JSX element 'span' has no corresponding closing tag.
src/pages/ConvidadosPage.tsx(3378,55): error TS17002: Expected corresponding JSX closing tag for 'div'.
src/pages/ConvidadosPage.tsx(3382,98): error TS2657: JSX expressions must have one parent element.
src/pages/ConvidadosPage.tsx(3384,184): error TS1005: ')' expected.
src/pages/ConvidadosPage.tsx(3386,23): error TS1109: Expression expected.
src/pages/ConvidadosPage.tsx(3388,50): error TS1381: Unexpected token. Did you mean `{'}'}` or `&rbrace;`?
src/pages/ConvidadosPage.tsx(3392,55): error TS1005: '>' expected.
src/pages/ConvidadosPage.tsx(3400,92): error TS1382: Unexpected token. Did you mean `{'>'}` or `&gt;`?
src/pages/ConvidadosPage.tsx(3404,52): error TS1003: Identifier expected.
src/pages/ConvidadosPage.tsx(3412,92): error TS1382: Unexpected token. Did you mean `{'>'}` or `&gt;`?
src/pages/ConvidadosPage.tsx(3416,51): error TS17002: Expected corresponding JSX closing tag for 'Card'.
src/pages/ConvidadosPage.tsx(3420,17): error TS1005: ')' expected.
src/pages/ConvidadosPage.tsx(3420,19): error TS17002: Expected corresponding JSX closing tag for 'div'.
src/pages/ConvidadosPage.tsx(3420,42): error TS1005: ';' expected.
src/pages/ConvidadosPage.tsx(3422,15): error TS1109: Expression expected.
src/pages/ConvidadosPage.tsx(3422,16): error TS1128: Declaration or statement expected.
src/pages/ConvidadosPage.tsx(3422,33): error TS1128: Declaration or statement expected.
src/pages/ConvidadosPage.tsx(3424,13): error TS1109: Expression expected.
src/pages/ConvidadosPage.tsx(3424,29): error TS1128: Declaration or statement expected.
src/pages/ConvidadosPage.tsx(3424,30): error TS1128: Declaration or statement expected.
src/pages/ConvidadosPage.tsx(3426,11): error TS1128: Declaration or statement expected.
src/pages/ConvidadosPage.tsx(3426,29): error TS1109: Expression expected.
src/pages/ConvidadosPage.tsx(3426,30): error TS1128: Declaration or statement expected.
src/pages/ConvidadosPage.tsx(3428,9): error TS1128: Declaration or statement expected.
src/pages/ConvidadosPage.tsx(3428,11): error TS1109: Expression expected.
src/pages/ConvidadosPage.tsx(3428,22): error TS1109: Expression expected.
src/pages/ConvidadosPage.tsx(3430,7): error TS1109: Expression expected.
src/pages/ConvidadosPage.tsx(3430,8): error TS1128: Declaration or statement expected.
src/pages/ConvidadosPage.tsx(3430,17): error TS1128: Declaration or statement expected.
src/pages/ConvidadosPage.tsx(3430,19): error TS1109: Expression expected.
src/pages/ConvidadosPage.tsx(3432,7): error TS1109: Expression expected.
src/pages/ConvidadosPage.tsx(3432,8): error TS1128: Declaration or statement expected.
src/pages/ConvidadosPage.tsx(3438,10): error TS1109: Expression expected.
src/pages/ConvidadosPage.tsx(3438,22): error TS1005: ',' expected.
src/pages/ConvidadosPage.tsx(3440,11): error TS2657: JSX expressions must have one parent element.
src/pages/ConvidadosPage.tsx(3442,57): error TS1003: Identifier expected.
src/pages/ConvidadosPage.tsx(3450,41): error TS1382: Unexpected token. Did you mean `{'>'}` or `&gt;`?
src/pages/ConvidadosPage.tsx(3456,11): error TS1005: ')' expected.
src/pages/ConvidadosPage.tsx(3464,17): error TS2657: JSX expressions must have one parent element.
src/pages/ConvidadosPage.tsx(3468,32): error TS1109: Expression expected.
src/pages/ConvidadosPage.tsx(3470,47): error TS1382: Unexpected token. Did you mean `{'>'}` or `&gt;`?
src/pages/ConvidadosPage.tsx(3472,18): error TS17008: JSX element 'Card' has no corresponding closing tag.
src/pages/ConvidadosPage.tsx(3472,87): error TS1382: Unexpected token. Did you mean `{'>'}` or `&gt;`?
src/pages/ConvidadosPage.tsx(3474,92): error TS17008: JSX element 'Card' has no corresponding closing tag.
src/pages/ConvidadosPage.tsx(3486,144): error TS17002: Expected corresponding JSX closing tag for 'span'.
src/pages/ConvidadosPage.tsx(3492,55): error TS17002: Expected corresponding JSX closing tag for 'h3'.
src/pages/ConvidadosPage.tsx(3496,67): error TS2657: JSX expressions must have one parent element.
src/pages/ConvidadosPage.tsx(3498,129): error TS1005: ')' expected.
src/pages/ConvidadosPage.tsx(3500,23): error TS1109: Expression expected.
src/pages/ConvidadosPage.tsx(3502,138): error TS1381: Unexpected token. Did you mean `{'}'}` or `&rbrace;`?
src/pages/ConvidadosPage.tsx(3508,55): error TS1005: '>' expected.
src/pages/ConvidadosPage.tsx(3516,92): error TS1382: Unexpected token. Did you mean `{'>'}` or `&gt;`?
src/pages/ConvidadosPage.tsx(3520,52): error TS1003: Identifier expected.
src/pages/ConvidadosPage.tsx(3528,92): error TS1382: Unexpected token. Did you mean `{'>'}` or `&gt;`?
src/pages/ConvidadosPage.tsx(3532,51): error TS17002: Expected corresponding JSX closing tag for 'div'.
src/pages/ConvidadosPage.tsx(3536,17): error TS1005: ')' expected.
src/pages/ConvidadosPage.tsx(3536,19): error TS17002: Expected corresponding JSX closing tag for 'div'.
src/pages/ConvidadosPage.tsx(3536,42): error TS1005: ';' expected.
src/pages/ConvidadosPage.tsx(3538,15): error TS1109: Expression expected.
src/pages/ConvidadosPage.tsx(3538,16): error TS1128: Declaration or statement expected.
src/pages/ConvidadosPage.tsx(3538,33): error TS1128: Declaration or statement expected.
src/pages/ConvidadosPage.tsx(3540,13): error TS1109: Expression expected.
src/pages/ConvidadosPage.tsx(3540,29): error TS1128: Declaration or statement expected.
src/pages/ConvidadosPage.tsx(3540,30): error TS1128: Declaration or statement expected.
src/pages/ConvidadosPage.tsx(3542,11): error TS1128: Declaration or statement expected.
src/pages/ConvidadosPage.tsx(3542,29): error TS1109: Expression expected.
src/pages/ConvidadosPage.tsx(3542,30): error TS1128: Declaration or statement expected.
src/pages/ConvidadosPage.tsx(3544,9): error TS1128: Declaration or statement expected.
src/pages/ConvidadosPage.tsx(3544,11): error TS1109: Expression expected.
src/pages/ConvidadosPage.tsx(3544,22): error TS1109: Expression expected.
src/pages/ConvidadosPage.tsx(3546,7): error TS1109: Expression expected.
src/pages/ConvidadosPage.tsx(3546,8): error TS1128: Declaration or statement expected.
src/pages/ConvidadosPage.tsx(3546,17): error TS1128: Declaration or statement expected.
src/pages/ConvidadosPage.tsx(3546,19): error TS1109: Expression expected.
src/pages/ConvidadosPage.tsx(3548,5): error TS1109: Expression expected.
src/pages/ConvidadosPage.tsx(3548,17): error TS1109: Expression expected.
src/pages/ConvidadosPage.tsx(3548,18): error TS1128: Declaration or statement expected.
src/pages/ConvidadosPage.tsx(3550,3): error TS1128: Declaration or statement expected.
src/pages/ConvidadosPage.tsx(3550,9): error TS1128: Declaration or statement expected.
src/pages/ConvidadosPage.tsx(3552,1): error TS1109: Expression expected.
src/pages/ConvidadosPage.tsx(3552,5): error TS1128: Declaration or statement expected.
src/pages/ConvidadosPage.tsx(3554,1): error TS1128: Declaration or statement expected.
src/pages/ConvidadosPage.tsx(3869,1): error TS1128: Declaration or statement expected.
